Archive member included because of file (symbol)

d:/engineer programs/amit/tools/sdk_win_64/sdk_win_64/sdk_win_64/winavr/bin/../lib/gcc/avr/4.3.3/avr5\libgcc.a(_mulsi3.o)
                              ./HAL/HULTRASONIC/HULTRASONIC_Program.o (__mulsi3)
d:/engineer programs/amit/tools/sdk_win_64/sdk_win_64/sdk_win_64/winavr/bin/../lib/gcc/avr/4.3.3/avr5\libgcc.a(_udivmodhi4.o)
                              ./HAL/HTEMPERATURE/HTEMPERATURE_Program.o (__udivmodhi4)
d:/engineer programs/amit/tools/sdk_win_64/sdk_win_64/sdk_win_64/winavr/bin/../lib/gcc/avr/4.3.3/avr5\libgcc.a(_udivmodsi4.o)
                              ./HAL/HULTRASONIC/HULTRASONIC_Program.o (__udivmodsi4)
d:/engineer programs/amit/tools/sdk_win_64/sdk_win_64/sdk_win_64/winavr/bin/../lib/gcc/avr/4.3.3/avr5\libgcc.a(_exit.o)
                              d:/engineer programs/amit/tools/sdk_win_64/sdk_win_64/sdk_win_64/winavr/bin/../lib/gcc/avr/4.3.3/../../../../avr/lib/avr5/crtm32.o (exit)
d:/engineer programs/amit/tools/sdk_win_64/sdk_win_64/sdk_win_64/winavr/bin/../lib/gcc/avr/4.3.3/avr5\libgcc.a(_copy_data.o)
                              ./HAL/HKPD/HKPD_Program.o (__do_copy_data)
d:/engineer programs/amit/tools/sdk_win_64/sdk_win_64/sdk_win_64/winavr/bin/../lib/gcc/avr/4.3.3/avr5\libgcc.a(_clear_bss.o)
                              ./MCAL/MUART/MUART_Program.o (__do_clear_bss)
d:/engineer programs/amit/tools/sdk_win_64/sdk_win_64/sdk_win_64/winavr/bin/../lib/gcc/avr/4.3.3/avr5\libgcc.a(_fixunssfsi.o)
                              ./HAL/HULTRASONIC/HULTRASONIC_Program.o (__fixunssfsi)
d:/engineer programs/amit/tools/sdk_win_64/sdk_win_64/sdk_win_64/winavr/bin/../lib/gcc/avr/4.3.3/avr5\libgcc.a(_addsub_sf.o)
                              d:/engineer programs/amit/tools/sdk_win_64/sdk_win_64/sdk_win_64/winavr/bin/../lib/gcc/avr/4.3.3/avr5\libgcc.a(_fixunssfsi.o) (__subsf3)
d:/engineer programs/amit/tools/sdk_win_64/sdk_win_64/sdk_win_64/winavr/bin/../lib/gcc/avr/4.3.3/avr5\libgcc.a(_mul_sf.o)
                              ./HAL/HULTRASONIC/HULTRASONIC_Program.o (__mulsf3)
d:/engineer programs/amit/tools/sdk_win_64/sdk_win_64/sdk_win_64/winavr/bin/../lib/gcc/avr/4.3.3/avr5\libgcc.a(_div_sf.o)
                              ./HAL/HULTRASONIC/HULTRASONIC_Program.o (__divsf3)
d:/engineer programs/amit/tools/sdk_win_64/sdk_win_64/sdk_win_64/winavr/bin/../lib/gcc/avr/4.3.3/avr5\libgcc.a(_gt_sf.o)
                              ./HAL/HULTRASONIC/HULTRASONIC_Program.o (__gtsf2)
d:/engineer programs/amit/tools/sdk_win_64/sdk_win_64/sdk_win_64/winavr/bin/../lib/gcc/avr/4.3.3/avr5\libgcc.a(_ge_sf.o)
                              d:/engineer programs/amit/tools/sdk_win_64/sdk_win_64/sdk_win_64/winavr/bin/../lib/gcc/avr/4.3.3/avr5\libgcc.a(_fixunssfsi.o) (__gesf2)
d:/engineer programs/amit/tools/sdk_win_64/sdk_win_64/sdk_win_64/winavr/bin/../lib/gcc/avr/4.3.3/avr5\libgcc.a(_lt_sf.o)
                              ./HAL/HULTRASONIC/HULTRASONIC_Program.o (__ltsf2)
d:/engineer programs/amit/tools/sdk_win_64/sdk_win_64/sdk_win_64/winavr/bin/../lib/gcc/avr/4.3.3/avr5\libgcc.a(_sf_to_si.o)
                              d:/engineer programs/amit/tools/sdk_win_64/sdk_win_64/sdk_win_64/winavr/bin/../lib/gcc/avr/4.3.3/avr5\libgcc.a(_fixunssfsi.o) (__fixsfsi)
d:/engineer programs/amit/tools/sdk_win_64/sdk_win_64/sdk_win_64/winavr/bin/../lib/gcc/avr/4.3.3/avr5\libgcc.a(_thenan_sf.o)
                              d:/engineer programs/amit/tools/sdk_win_64/sdk_win_64/sdk_win_64/winavr/bin/../lib/gcc/avr/4.3.3/avr5\libgcc.a(_addsub_sf.o) (__thenan_sf)
d:/engineer programs/amit/tools/sdk_win_64/sdk_win_64/sdk_win_64/winavr/bin/../lib/gcc/avr/4.3.3/avr5\libgcc.a(_prologue.o)
                              d:/engineer programs/amit/tools/sdk_win_64/sdk_win_64/sdk_win_64/winavr/bin/../lib/gcc/avr/4.3.3/avr5\libgcc.a(_addsub_sf.o) (__prologue_saves__)
d:/engineer programs/amit/tools/sdk_win_64/sdk_win_64/sdk_win_64/winavr/bin/../lib/gcc/avr/4.3.3/avr5\libgcc.a(_epilogue.o)
                              d:/engineer programs/amit/tools/sdk_win_64/sdk_win_64/sdk_win_64/winavr/bin/../lib/gcc/avr/4.3.3/avr5\libgcc.a(_addsub_sf.o) (__epilogue_restores__)
d:/engineer programs/amit/tools/sdk_win_64/sdk_win_64/sdk_win_64/winavr/bin/../lib/gcc/avr/4.3.3/avr5\libgcc.a(_pack_sf.o)
                              d:/engineer programs/amit/tools/sdk_win_64/sdk_win_64/sdk_win_64/winavr/bin/../lib/gcc/avr/4.3.3/avr5\libgcc.a(_addsub_sf.o) (__pack_f)
d:/engineer programs/amit/tools/sdk_win_64/sdk_win_64/sdk_win_64/winavr/bin/../lib/gcc/avr/4.3.3/avr5\libgcc.a(_unpack_sf.o)
                              d:/engineer programs/amit/tools/sdk_win_64/sdk_win_64/sdk_win_64/winavr/bin/../lib/gcc/avr/4.3.3/avr5\libgcc.a(_addsub_sf.o) (__unpack_f)
d:/engineer programs/amit/tools/sdk_win_64/sdk_win_64/sdk_win_64/winavr/bin/../lib/gcc/avr/4.3.3/avr5\libgcc.a(_fpcmp_parts_sf.o)
                              d:/engineer programs/amit/tools/sdk_win_64/sdk_win_64/sdk_win_64/winavr/bin/../lib/gcc/avr/4.3.3/avr5\libgcc.a(_gt_sf.o) (__fpcmp_parts_f)

Allocating common symbols
Common symbol       size              file

CALLBACK            0x2               ./MCAL/MUART/MUART_Program.o
MADC_CALLBACK       0x2               ./MCAL/MADC/MADC_Program.o
MTIMER2_CALLBACK    0x2               ./MCAL/MTIMER2/MTIMER2_Program.o
MTIMER0_CALLBACK    0x2               ./MCAL/MTIMER0/MTIMER0_Program.o
MSPI_CALLBACK       0x2               ./MCAL/MSPI/MSPI_Program.o
MTIMER1_CALLBACK    0x2               ./MCAL/MTIMER1/MTIMER1_Program.o

Memory Configuration

Name             Origin             Length             Attributes
text             0x00000000         0x00020000         xr
data             0x00800060         0x0000ffa0         rw !x
eeprom           0x00810000         0x00010000         rw !x
fuse             0x00820000         0x00000400         rw !x
lock             0x00830000         0x00000400         rw !x
signature        0x00840000         0x00000400         rw !x
*default*        0x00000000         0xffffffff

Linker script and memory map

LOAD d:/engineer programs/amit/tools/sdk_win_64/sdk_win_64/sdk_win_64/winavr/bin/../lib/gcc/avr/4.3.3/../../../../avr/lib/avr5/crtm32.o
LOAD ./MCAL/MUART/MUART_Program.o
LOAD ./MCAL/MTWI/MI2C_Program.o
LOAD ./MCAL/MTIMER2/MTIMER2_Program.o
LOAD ./MCAL/MTIMER1/MTIMER1_Program.o
LOAD ./MCAL/MTIMER0/MTIMER0_Program.o
LOAD ./MCAL/MSPI/MSPI_Program.o
LOAD ./MCAL/MGIE/MGIE_Program.o
LOAD ./MCAL/MEXTI/MEXTI_Program.o
LOAD ./MCAL/MDIO/MDIO_Program.o
LOAD ./MCAL/MADC/MADC_Program.o
LOAD ./HAL/HULTRASONIC/HULTRASONIC_Program.o
LOAD ./HAL/HTEMPERATURE/HTEMPERATURE_Program.o
LOAD ./HAL/HSTEPPER/HStepper_Program.o
LOAD ./HAL/HLED/HLED_Program.o
LOAD ./HAL/HKPD/HKPD_Program.o
LOAD ./HAL/HEEPROM/HEEPROM_Program.o
LOAD ./HAL/HCLCD/HCLCD_Program.o
LOAD ./HAL/HBUTTON/HBUTTON_Progam.o
LOAD ./main.o
LOAD d:/engineer programs/amit/tools/sdk_win_64/sdk_win_64/sdk_win_64/winavr/bin/../lib/gcc/avr/4.3.3/avr5\libgcc.a
LOAD d:/engineer programs/amit/tools/sdk_win_64/sdk_win_64/sdk_win_64/winavr/bin/../lib/gcc/avr/4.3.3/../../../../avr/lib/avr5\libc.a
LOAD d:/engineer programs/amit/tools/sdk_win_64/sdk_win_64/sdk_win_64/winavr/bin/../lib/gcc/avr/4.3.3/avr5\libgcc.a

.hash
 *(.hash)

.dynsym
 *(.dynsym)

.dynstr
 *(.dynstr)

.gnu.version
 *(.gnu.version)

.gnu.version_d
 *(.gnu.version_d)

.gnu.version_r
 *(.gnu.version_r)

.rel.init
 *(.rel.init)

.rela.init
 *(.rela.init)

.rel.text
 *(.rel.text)
 *(.rel.text.*)
 *(.rel.gnu.linkonce.t*)

.rela.text
 *(.rela.text)
 *(.rela.text.*)
 *(.rela.gnu.linkonce.t*)

.rel.fini
 *(.rel.fini)

.rela.fini
 *(.rela.fini)

.rel.rodata
 *(.rel.rodata)
 *(.rel.rodata.*)
 *(.rel.gnu.linkonce.r*)

.rela.rodata
 *(.rela.rodata)
 *(.rela.rodata.*)
 *(.rela.gnu.linkonce.r*)

.rel.data
 *(.rel.data)
 *(.rel.data.*)
 *(.rel.gnu.linkonce.d*)

.rela.data
 *(.rela.data)
 *(.rela.data.*)
 *(.rela.gnu.linkonce.d*)

.rel.ctors
 *(.rel.ctors)

.rela.ctors
 *(.rela.ctors)

.rel.dtors
 *(.rel.dtors)

.rela.dtors
 *(.rela.dtors)

.rel.got
 *(.rel.got)

.rela.got
 *(.rela.got)

.rel.bss
 *(.rel.bss)

.rela.bss
 *(.rela.bss)

.rel.plt
 *(.rel.plt)

.rela.plt
 *(.rela.plt)

.text           0x00000000     0x4ada
 *(.vectors)
 .vectors       0x00000000       0x54 d:/engineer programs/amit/tools/sdk_win_64/sdk_win_64/sdk_win_64/winavr/bin/../lib/gcc/avr/4.3.3/../../../../avr/lib/avr5/crtm32.o
                0x00000000                __vectors
                0x00000000                __vector_default
 *(.vectors)
 *(.progmem.gcc*)
 *(.progmem*)
                0x00000054                . = ALIGN (0x2)
                0x00000054                __trampolines_start = .
 *(.trampolines)
 .trampolines   0x00000054        0x0 linker stubs
 *(.trampolines*)
                0x00000054                __trampolines_end = .
 *(.jumptables)
 *(.jumptables*)
 *(.lowtext)
 *(.lowtext*)
                0x00000054                __ctors_start = .
 *(.ctors)
                0x00000054                __ctors_end = .
                0x00000054                __dtors_start = .
 *(.dtors)
                0x00000054                __dtors_end = .
 SORT(*)(.ctors)
 SORT(*)(.dtors)
 *(.init0)
 .init0         0x00000054        0x0 d:/engineer programs/amit/tools/sdk_win_64/sdk_win_64/sdk_win_64/winavr/bin/../lib/gcc/avr/4.3.3/../../../../avr/lib/avr5/crtm32.o
                0x00000054                __init
 *(.init0)
 *(.init1)
 *(.init1)
 *(.init2)
 .init2         0x00000054        0xc d:/engineer programs/amit/tools/sdk_win_64/sdk_win_64/sdk_win_64/winavr/bin/../lib/gcc/avr/4.3.3/../../../../avr/lib/avr5/crtm32.o
 *(.init2)
 *(.init3)
 *(.init3)
 *(.init4)
 .init4         0x00000060       0x16 d:/engineer programs/amit/tools/sdk_win_64/sdk_win_64/sdk_win_64/winavr/bin/../lib/gcc/avr/4.3.3/avr5\libgcc.a(_copy_data.o)
                0x00000060                __do_copy_data
 .init4         0x00000076       0x10 d:/engineer programs/amit/tools/sdk_win_64/sdk_win_64/sdk_win_64/winavr/bin/../lib/gcc/avr/4.3.3/avr5\libgcc.a(_clear_bss.o)
                0x00000076                __do_clear_bss
 *(.init4)
 *(.init5)
 *(.init5)
 *(.init6)
 *(.init6)
 *(.init7)
 *(.init7)
 *(.init8)
 *(.init8)
 *(.init9)
 .init9         0x00000086        0x8 d:/engineer programs/amit/tools/sdk_win_64/sdk_win_64/sdk_win_64/winavr/bin/../lib/gcc/avr/4.3.3/../../../../avr/lib/avr5/crtm32.o
 *(.init9)
 *(.text)
 .text          0x0000008e        0x4 d:/engineer programs/amit/tools/sdk_win_64/sdk_win_64/sdk_win_64/winavr/bin/../lib/gcc/avr/4.3.3/../../../../avr/lib/avr5/crtm32.o
                0x0000008e                __bad_interrupt
                0x0000008e                __vector_17
                0x0000008e                __vector_19
                0x0000008e                __vector_18
                0x0000008e                __vector_20
 .text          0x00000092        0x0 ./MCAL/MUART/MUART_Program.o
 .text          0x00000092        0x0 ./MCAL/MTWI/MI2C_Program.o
 .text          0x00000092        0x0 ./MCAL/MTIMER2/MTIMER2_Program.o
 .text          0x00000092        0x0 ./MCAL/MTIMER1/MTIMER1_Program.o
 .text          0x00000092        0x0 ./MCAL/MTIMER0/MTIMER0_Program.o
 .text          0x00000092        0x0 ./MCAL/MSPI/MSPI_Program.o
 .text          0x00000092        0x0 ./MCAL/MGIE/MGIE_Program.o
 .text          0x00000092        0x0 ./MCAL/MEXTI/MEXTI_Program.o
 .text          0x00000092        0x0 ./MCAL/MDIO/MDIO_Program.o
 .text          0x00000092        0x0 ./MCAL/MADC/MADC_Program.o
 .text          0x00000092        0x0 ./HAL/HULTRASONIC/HULTRASONIC_Program.o
 .text          0x00000092        0x0 ./HAL/HTEMPERATURE/HTEMPERATURE_Program.o
 .text          0x00000092        0x0 ./HAL/HSTEPPER/HStepper_Program.o
 .text          0x00000092        0x0 ./HAL/HLED/HLED_Program.o
 .text          0x00000092        0x0 ./HAL/HKPD/HKPD_Program.o
 .text          0x00000092        0x0 ./HAL/HEEPROM/HEEPROM_Program.o
 .text          0x00000092        0x0 ./HAL/HCLCD/HCLCD_Program.o
 .text          0x00000092        0x0 ./HAL/HBUTTON/HBUTTON_Progam.o
 .text          0x00000092        0x0 ./main.o
 .text          0x00000092        0x0 d:/engineer programs/amit/tools/sdk_win_64/sdk_win_64/sdk_win_64/winavr/bin/../lib/gcc/avr/4.3.3/avr5\libgcc.a(_mulsi3.o)
 .text          0x00000092        0x0 d:/engineer programs/amit/tools/sdk_win_64/sdk_win_64/sdk_win_64/winavr/bin/../lib/gcc/avr/4.3.3/avr5\libgcc.a(_udivmodhi4.o)
 .text          0x00000092        0x0 d:/engineer programs/amit/tools/sdk_win_64/sdk_win_64/sdk_win_64/winavr/bin/../lib/gcc/avr/4.3.3/avr5\libgcc.a(_udivmodsi4.o)
 .text          0x00000092        0x0 d:/engineer programs/amit/tools/sdk_win_64/sdk_win_64/sdk_win_64/winavr/bin/../lib/gcc/avr/4.3.3/avr5\libgcc.a(_exit.o)
 .text          0x00000092        0x0 d:/engineer programs/amit/tools/sdk_win_64/sdk_win_64/sdk_win_64/winavr/bin/../lib/gcc/avr/4.3.3/avr5\libgcc.a(_copy_data.o)
 .text          0x00000092        0x0 d:/engineer programs/amit/tools/sdk_win_64/sdk_win_64/sdk_win_64/winavr/bin/../lib/gcc/avr/4.3.3/avr5\libgcc.a(_clear_bss.o)
 .text          0x00000092       0x58 d:/engineer programs/amit/tools/sdk_win_64/sdk_win_64/sdk_win_64/winavr/bin/../lib/gcc/avr/4.3.3/avr5\libgcc.a(_fixunssfsi.o)
                0x00000092                __fixunssfsi
 .text          0x000000ea      0x354 d:/engineer programs/amit/tools/sdk_win_64/sdk_win_64/sdk_win_64/winavr/bin/../lib/gcc/avr/4.3.3/avr5\libgcc.a(_addsub_sf.o)
                0x00000382                __subsf3
                0x000003e4                __addsf3
 .text          0x0000043e      0x1f4 d:/engineer programs/amit/tools/sdk_win_64/sdk_win_64/sdk_win_64/winavr/bin/../lib/gcc/avr/4.3.3/avr5\libgcc.a(_mul_sf.o)
                0x0000043e                __mulsf3
 .text          0x00000632      0x158 d:/engineer programs/amit/tools/sdk_win_64/sdk_win_64/sdk_win_64/winavr/bin/../lib/gcc/avr/4.3.3/avr5\libgcc.a(_div_sf.o)
                0x00000632                __divsf3
 .text          0x0000078a       0x60 d:/engineer programs/amit/tools/sdk_win_64/sdk_win_64/sdk_win_64/winavr/bin/../lib/gcc/avr/4.3.3/avr5\libgcc.a(_gt_sf.o)
                0x0000078a                __gtsf2
 .text          0x000007ea       0x60 d:/engineer programs/amit/tools/sdk_win_64/sdk_win_64/sdk_win_64/winavr/bin/../lib/gcc/avr/4.3.3/avr5\libgcc.a(_ge_sf.o)
                0x000007ea                __gesf2
 .text          0x0000084a       0x60 d:/engineer programs/amit/tools/sdk_win_64/sdk_win_64/sdk_win_64/winavr/bin/../lib/gcc/avr/4.3.3/avr5\libgcc.a(_lt_sf.o)
                0x0000084a                __ltsf2
 .text          0x000008aa       0xa8 d:/engineer programs/amit/tools/sdk_win_64/sdk_win_64/sdk_win_64/winavr/bin/../lib/gcc/avr/4.3.3/avr5\libgcc.a(_sf_to_si.o)
                0x000008aa                __fixsfsi
 .text          0x00000952        0x0 d:/engineer programs/amit/tools/sdk_win_64/sdk_win_64/sdk_win_64/winavr/bin/../lib/gcc/avr/4.3.3/avr5\libgcc.a(_thenan_sf.o)
 .text          0x00000952        0x0 d:/engineer programs/amit/tools/sdk_win_64/sdk_win_64/sdk_win_64/winavr/bin/../lib/gcc/avr/4.3.3/avr5\libgcc.a(_prologue.o)
 .text          0x00000952        0x0 d:/engineer programs/amit/tools/sdk_win_64/sdk_win_64/sdk_win_64/winavr/bin/../lib/gcc/avr/4.3.3/avr5\libgcc.a(_epilogue.o)
 .text          0x00000952      0x1aa d:/engineer programs/amit/tools/sdk_win_64/sdk_win_64/sdk_win_64/winavr/bin/../lib/gcc/avr/4.3.3/avr5\libgcc.a(_pack_sf.o)
                0x00000952                __pack_f
 .text          0x00000afc       0xf0 d:/engineer programs/amit/tools/sdk_win_64/sdk_win_64/sdk_win_64/winavr/bin/../lib/gcc/avr/4.3.3/avr5\libgcc.a(_unpack_sf.o)
                0x00000afc                __unpack_f
 .text          0x00000bec       0xb2 d:/engineer programs/amit/tools/sdk_win_64/sdk_win_64/sdk_win_64/winavr/bin/../lib/gcc/avr/4.3.3/avr5\libgcc.a(_fpcmp_parts_sf.o)
                0x00000bec                __fpcmp_parts_f
                0x00000c9e                . = ALIGN (0x2)
 *(.text.*)
 .text.MUART_VidInit
                0x00000c9e       0xa2 ./MCAL/MUART/MUART_Program.o
                0x00000c9e                MUART_VidInit
 .text.MUART_VidSendChar
                0x00000d40       0x2c ./MCAL/MUART/MUART_Program.o
                0x00000d40                MUART_VidSendChar
 .text.MUART_vidSendString
                0x00000d6c       0x52 ./MCAL/MUART/MUART_Program.o
                0x00000d6c                MUART_vidSendString
 .text.MUART_uint8ReciverChar
                0x00000dbe       0x1e ./MCAL/MUART/MUART_Program.o
                0x00000dbe                MUART_uint8ReciverChar
 .text.MUART_VidSetTXCallBack
                0x00000ddc       0x24 ./MCAL/MUART/MUART_Program.o
                0x00000ddc                MUART_VidSetTXCallBack
 .text.MUART_VidSetRXCallBack
                0x00000e00       0x24 ./MCAL/MUART/MUART_Program.o
                0x00000e00                MUART_VidSetRXCallBack
 .text.MUART_VidUSART_REG_SetCallBack
                0x00000e24       0x24 ./MCAL/MUART/MUART_Program.o
                0x00000e24                MUART_VidUSART_REG_SetCallBack
 .text.__vector_15
                0x00000e48       0x5a ./MCAL/MUART/MUART_Program.o
                0x00000e48                __vector_15
 .text.__vector_13
                0x00000ea2       0x5a ./MCAL/MUART/MUART_Program.o
                0x00000ea2                __vector_13
 .text.__vector_14
                0x00000efc       0x5a ./MCAL/MUART/MUART_Program.o
                0x00000efc                __vector_14
 .text.MTWI_VidInitMaster
                0x00000f56       0x64 ./MCAL/MTWI/MI2C_Program.o
                0x00000f56                MTWI_VidInitMaster
 .text.MTWI_VidInitSalve
                0x00000fba       0x40 ./MCAL/MTWI/MI2C_Program.o
                0x00000fba                MTWI_VidInitSalve
 .text.MTWI_SendSatrtCondition
                0x00000ffa       0x54 ./MCAL/MTWI/MI2C_Program.o
                0x00000ffa                MTWI_SendSatrtCondition
 .text.MTWI_SendSatrtRepeatedCondition
                0x0000104e       0x54 ./MCAL/MTWI/MI2C_Program.o
                0x0000104e                MTWI_SendSatrtRepeatedCondition
 .text.MTWI_SendSalveAddressWithWrite
                0x000010a2       0x70 ./MCAL/MTWI/MI2C_Program.o
                0x000010a2                MTWI_SendSalveAddressWithWrite
 .text.MTWI_SendSalveAddressWithRead
                0x00001112       0x70 ./MCAL/MTWI/MI2C_Program.o
                0x00001112                MTWI_SendSalveAddressWithRead
 .text.MTWI_MasterWriteDataByte
                0x00001182       0x52 ./MCAL/MTWI/MI2C_Program.o
                0x00001182                MTWI_MasterWriteDataByte
 .text.MTWI_MasterReadDataByte
                0x000011d4       0x5e ./MCAL/MTWI/MI2C_Program.o
                0x000011d4                MTWI_MasterReadDataByte
 .text.MTWI_SendStopCondtion
                0x00001232       0x2a ./MCAL/MTWI/MI2C_Program.o
                0x00001232                MTWI_SendStopCondtion
 .text.MTIMER2_VidInit
                0x0000125c       0x62 ./MCAL/MTIMER2/MTIMER2_Program.o
                0x0000125c                MTIMER2_VidInit
 .text.MTIMER2_VidSetPreLoad
                0x000012be       0x1c ./MCAL/MTIMER2/MTIMER2_Program.o
                0x000012be                MTIMER2_VidSetPreLoad
 .text.MTIMER2_VidSetCTCRegister
                0x000012da       0x1c ./MCAL/MTIMER2/MTIMER2_Program.o
                0x000012da                MTIMER2_VidSetCTCRegister
 .text.MTIMER2_VidTIMER2_OVERFLOW_SetCallBack
                0x000012f6       0x24 ./MCAL/MTIMER2/MTIMER2_Program.o
                0x000012f6                MTIMER2_VidTIMER2_OVERFLOW_SetCallBack
 .text.MTIMER2_VidTIMER2_CTC_SetCallBack
                0x0000131a       0x24 ./MCAL/MTIMER2/MTIMER2_Program.o
                0x0000131a                MTIMER2_VidTIMER2_CTC_SetCallBack
 .text.__vector_4
                0x0000133e       0x5a ./MCAL/MTIMER2/MTIMER2_Program.o
                0x0000133e                __vector_4
 .text.__vector_5
                0x00001398       0x5a ./MCAL/MTIMER2/MTIMER2_Program.o
                0x00001398                __vector_5
 .text.MTIMER1_VidInit
                0x000013f2       0x70 ./MCAL/MTIMER1/MTIMER1_Program.o
                0x000013f2                MTIMER1_VidInit
 .text.MTIMER1_VidInit_ICU
                0x00001462       0x2a ./MCAL/MTIMER1/MTIMER1_Program.o
                0x00001462                MTIMER1_VidInit_ICU
 .text.MTIMER1_VidICU_SelectEdge
                0x0000148c       0x54 ./MCAL/MTIMER1/MTIMER1_Program.o
                0x0000148c                MTIMER1_VidICU_SelectEdge
 .text.MTIMER1_VidSetPreLoad
                0x000014e0       0x24 ./MCAL/MTIMER1/MTIMER1_Program.o
                0x000014e0                MTIMER1_VidSetPreLoad
 .text.MTIMER1_VidSetCTCRegister_CHB
                0x00001504       0x24 ./MCAL/MTIMER1/MTIMER1_Program.o
                0x00001504                MTIMER1_VidSetCTCRegister_CHB
 .text.MTIMER1_VidSetCTCRegister_CHA
                0x00001528       0x24 ./MCAL/MTIMER1/MTIMER1_Program.o
                0x00001528                MTIMER1_VidSetCTCRegister_CHA
 .text.MTIMER1_VidSetCTCRegister_ICR1
                0x0000154c       0x24 ./MCAL/MTIMER1/MTIMER1_Program.o
                0x0000154c                MTIMER1_VidSetCTCRegister_ICR1
 .text.MTIMER1_VidTimer1_OverFlow_SetCallBack
                0x00001570       0x24 ./MCAL/MTIMER1/MTIMER1_Program.o
                0x00001570                MTIMER1_VidTimer1_OverFlow_SetCallBack
 .text.MTIMER1_VidTimer1_CTC_SetCallBack
                0x00001594       0x24 ./MCAL/MTIMER1/MTIMER1_Program.o
                0x00001594                MTIMER1_VidTimer1_CTC_SetCallBack
 .text.MTIMER1_uint32Read_ICR1
                0x000015b8       0x20 ./MCAL/MTIMER1/MTIMER1_Program.o
                0x000015b8                MTIMER1_uint32Read_ICR1
 .text.MTIMER1_VidTimer1_ICU_SetCallBack
                0x000015d8       0x24 ./MCAL/MTIMER1/MTIMER1_Program.o
                0x000015d8                MTIMER1_VidTimer1_ICU_SetCallBack
 .text.__vector_7
                0x000015fc       0x5a ./MCAL/MTIMER1/MTIMER1_Program.o
                0x000015fc                __vector_7
 .text.__vector_8
                0x00001656       0x5a ./MCAL/MTIMER1/MTIMER1_Program.o
                0x00001656                __vector_8
 .text.__vector_9
                0x000016b0       0x5a ./MCAL/MTIMER1/MTIMER1_Program.o
                0x000016b0                __vector_9
 .text.__vector_6
                0x0000170a       0x5a ./MCAL/MTIMER1/MTIMER1_Program.o
                0x0000170a                __vector_6
 .text.MTIMER0_VidInit
                0x00001764       0x70 ./MCAL/MTIMER0/MTIMER0_Program.o
                0x00001764                MTIMER0_VidInit
 .text.MTIMER0_uint32Read
                0x000017d4       0x14 ./MCAL/MTIMER0/MTIMER0_Program.o
                0x000017d4                MTIMER0_uint32Read
 .text.MTIMER0_VidSetPreLoad
                0x000017e8       0x1c ./MCAL/MTIMER0/MTIMER0_Program.o
                0x000017e8                MTIMER0_VidSetPreLoad
 .text.MTIMER0_VidSetCTCRegister
                0x00001804       0x1c ./MCAL/MTIMER0/MTIMER0_Program.o
                0x00001804                MTIMER0_VidSetCTCRegister
 .text.MTIMER0_VidTimerOverFlow_SetCallBack
                0x00001820       0x24 ./MCAL/MTIMER0/MTIMER0_Program.o
                0x00001820                MTIMER0_VidTimerOverFlow_SetCallBack
 .text.MTIMER0_VidTimerCTC_SetCallBack
                0x00001844       0x24 ./MCAL/MTIMER0/MTIMER0_Program.o
                0x00001844                MTIMER0_VidTimerCTC_SetCallBack
 .text.__vector_10
                0x00001868       0x5a ./MCAL/MTIMER0/MTIMER0_Program.o
                0x00001868                __vector_10
 .text.__vector_11
                0x000018c2       0x5a ./MCAL/MTIMER0/MTIMER0_Program.o
                0x000018c2                __vector_11
 .text.MSPI_VidMasterInit
                0x0000191c       0x8c ./MCAL/MSPI/MSPI_Program.o
                0x0000191c                MSPI_VidMasterInit
 .text.MSPI_VidSalveInit
                0x000019a8       0x62 ./MCAL/MSPI/MSPI_Program.o
                0x000019a8                MSPI_VidSalveInit
 .text.MSPI_uint8SendReceiveChar
                0x00001a0a       0x3c ./MCAL/MSPI/MSPI_Program.o
                0x00001a0a                MSPI_uint8SendReceiveChar
 .text.MSPI_VidSPI_SetCallBack
                0x00001a46       0x24 ./MCAL/MSPI/MSPI_Program.o
                0x00001a46                MSPI_VidSPI_SetCallBack
 .text.__vector_12
                0x00001a6a       0x5a ./MCAL/MSPI/MSPI_Program.o
                0x00001a6a                __vector_12
 .text.MGIE_Enable
                0x00001ac4       0x1c ./MCAL/MGIE/MGIE_Program.o
                0x00001ac4                MGIE_Enable
 .text.MGIE_Disable
                0x00001ae0       0x1c ./MCAL/MGIE/MGIE_Program.o
                0x00001ae0                MGIE_Disable
 .text.MEXTI_VidInitEXTI0
                0x00001afc       0x38 ./MCAL/MEXTI/MEXTI_Program.o
                0x00001afc                MEXTI_VidInitEXTI0
 .text.MEXTI_VidInitEXTI1
                0x00001b34       0x38 ./MCAL/MEXTI/MEXTI_Program.o
                0x00001b34                MEXTI_VidInitEXTI1
 .text.MEXTI_VidInitEXTI2
                0x00001b6c       0x2a ./MCAL/MEXTI/MEXTI_Program.o
                0x00001b6c                MEXTI_VidInitEXTI2
 .text.MEXTI_VidSenseControlSelect
                0x00001b96      0x196 ./MCAL/MEXTI/MEXTI_Program.o
                0x00001b96                MEXTI_VidSenseControlSelect
 .text.MEXTI0_VidSetCallBack
                0x00001d2c       0x24 ./MCAL/MEXTI/MEXTI_Program.o
                0x00001d2c                MEXTI0_VidSetCallBack
 .text.MEXTI1_VidSetCallBack
                0x00001d50       0x24 ./MCAL/MEXTI/MEXTI_Program.o
                0x00001d50                MEXTI1_VidSetCallBack
 .text.MEXTI2_VidSetCallBack
                0x00001d74       0x24 ./MCAL/MEXTI/MEXTI_Program.o
                0x00001d74                MEXTI2_VidSetCallBack
 .text.__vector_1
                0x00001d98       0x5a ./MCAL/MEXTI/MEXTI_Program.o
                0x00001d98                __vector_1
 .text.__vector_2
                0x00001df2       0x5a ./MCAL/MEXTI/MEXTI_Program.o
                0x00001df2                __vector_2
 .text.__vector_3
                0x00001e4c       0x5a ./MCAL/MEXTI/MEXTI_Program.o
                0x00001e4c                __vector_3
 .text.MDIO_Errorstate_SetPinDirection
                0x00001ea6      0x21e ./MCAL/MDIO/MDIO_Program.o
                0x00001ea6                MDIO_Errorstate_SetPinDirection
 .text.MDIO_Errorstate_SetPinValue
                0x000020c4      0x21e ./MCAL/MDIO/MDIO_Program.o
                0x000020c4                MDIO_Errorstate_SetPinValue
 .text.MDIO_Errorstate_GetPinValue
                0x000022e2      0x124 ./MCAL/MDIO/MDIO_Program.o
                0x000022e2                MDIO_Errorstate_GetPinValue
 .text.MDIO_Errorstate_SetPortDirection
                0x00002406       0xa0 ./MCAL/MDIO/MDIO_Program.o
                0x00002406                MDIO_Errorstate_SetPortDirection
 .text.MDIO_Errorstate_SetPortValue
                0x000024a6       0x90 ./MCAL/MDIO/MDIO_Program.o
                0x000024a6                MDIO_Errorstate_SetPortValue
 .text.MDIO_Errorstate_Set4MostBits
                0x00002536       0xe8 ./MCAL/MDIO/MDIO_Program.o
                0x00002536                MDIO_Errorstate_Set4MostBits
 .text.MADC_VidSingleConversion_Init
                0x0000261e       0x62 ./MCAL/MADC/MADC_Program.o
                0x0000261e                MADC_VidSingleConversion_Init
 .text.MADC_VidAutoTrigger_Init
                0x00002680       0x36 ./MCAL/MADC/MADC_Program.o
                0x00002680                MADC_VidAutoTrigger_Init
 .text.MADC_VidInterrupt_Enable
                0x000026b6       0x1c ./MCAL/MADC/MADC_Program.o
                0x000026b6                MADC_VidInterrupt_Enable
 .text.MADC_VidADCStartSingleConversion
                0x000026d2       0x56 ./MCAL/MADC/MADC_Program.o
                0x000026d2                MADC_VidADCStartSingleConversion
 .text.MADC_VidADCStartSingleConversion_With_Interrupt
                0x00002728       0x40 ./MCAL/MADC/MADC_Program.o
                0x00002728                MADC_VidADCStartSingleConversion_With_Interrupt
 .text.MADC_uint16Read
                0x00002768       0x42 ./MCAL/MADC/MADC_Program.o
                0x00002768                MADC_uint16Read
 .text.MADC_SetCallBack
                0x000027aa       0x24 ./MCAL/MADC/MADC_Program.o
                0x000027aa                MADC_SetCallBack
 .text.__vector_16
                0x000027ce       0x5a ./MCAL/MADC/MADC_Program.o
                0x000027ce                __vector_16
 .text.APP_TOV  0x00002828       0x34 ./HAL/HULTRASONIC/HULTRASONIC_Program.o
                0x00002828                APP_TOV
 .text.APP_ICU  0x0000285c       0x92 ./HAL/HULTRASONIC/HULTRASONIC_Program.o
                0x0000285c                APP_ICU
 .text.HULTRASONIC_VidInit
                0x000028ee       0x2a ./HAL/HULTRASONIC/HULTRASONIC_Program.o
                0x000028ee                HULTRASONIC_VidInit
 .text.HULTRASONIC_VidStart
                0x00002918      0x1da ./HAL/HULTRASONIC/HULTRASONIC_Program.o
                0x00002918                HULTRASONIC_VidStart
 .text.HULTRASONIC_GetDistance
                0x00002af2      0x278 ./HAL/HULTRASONIC/HULTRASONIC_Program.o
                0x00002af2                HULTRASONIC_GetDistance
 .text.HULTRASONIC_GetDistanceNoBlock
                0x00002d6a       0xe2 ./HAL/HULTRASONIC/HULTRASONIC_Program.o
                0x00002d6a                HULTRASONIC_GetDistanceNoBlock
 .text.HTEMP_VidInit
                0x00002e4c       0x12 ./HAL/HTEMPERATURE/HTEMPERATURE_Program.o
                0x00002e4c                HTEMP_VidInit
 .text.HTEMP_uintGetTemp
                0x00002e5e       0x98 ./HAL/HTEMPERATURE/HTEMPERATURE_Program.o
                0x00002e5e                HTEMP_uintGetTemp
 .text.HStepper_Init
                0x00002ef6       0x36 ./HAL/HSTEPPER/HStepper_Program.o
                0x00002ef6                HStepper_Init
 .text.HStepper_SetStepsDirection
                0x00002f2c      0xb04 ./HAL/HSTEPPER/HStepper_Program.o
                0x00002f2c                HStepper_SetStepsDirection
 .text.HLED_Errorstate_Led_Init
                0x00003a30       0x38 ./HAL/HLED/HLED_Program.o
                0x00003a30                HLED_Errorstate_Led_Init
 .text.HLED_Errorstate_Led_On
                0x00003a68       0x64 ./HAL/HLED/HLED_Program.o
                0x00003a68                HLED_Errorstate_Led_On
 .text.HLED_Errorstate_Led_Off
                0x00003acc       0x64 ./HAL/HLED/HLED_Program.o
                0x00003acc                HLED_Errorstate_Led_Off
 .text.HLED_Errorstate_Led_Toggle
                0x00003b30       0x66 ./HAL/HLED/HLED_Program.o
                0x00003b30                HLED_Errorstate_Led_Toggle
 .text.HKPD_VidInit
                0x00003b96       0xae ./HAL/HKPD/HKPD_Program.o
                0x00003b96                HKPD_VidInit
 .text.HKPD_uint8GetPressed
                0x00003c44      0x1a6 ./HAL/HKPD/HKPD_Program.o
                0x00003c44                HKPD_uint8GetPressed
 .text.HEEPROM_VidSendDataByte
                0x00003dea      0x130 ./HAL/HEEPROM/HEEPROM_Program.o
                0x00003dea                HEEPROM_VidSendDataByte
 .text.HEEPROM_VidReadDataByte
                0x00003f1a       0x4c ./HAL/HEEPROM/HEEPROM_Program.o
                0x00003f1a                HEEPROM_VidReadDataByte
 .text.HAL_VidHCLCD_4BitModeWriteCommand
                0x00003f66      0x13c ./HAL/HCLCD/HCLCD_Program.o
                0x00003f66                HAL_VidHCLCD_4BitModeWriteCommand
 .text.HAL_VidHCLCD_4BitModeWriteChar
                0x000040a2      0x24a ./HAL/HCLCD/HCLCD_Program.o
                0x000040a2                HAL_VidHCLCD_4BitModeWriteChar
 .text.HAL_VidHCLCD_4BitModeInit
                0x000042ec      0x3ec ./HAL/HCLCD/HCLCD_Program.o
                0x000042ec                HAL_VidHCLCD_4BitModeInit
 .text.HAL_VidHCLCD_4BitModeSendCommand
                0x000046d8       0x26 ./HAL/HCLCD/HCLCD_Program.o
                0x000046d8                HAL_VidHCLCD_4BitModeSendCommand
 .text.HAL_VidHCLCD_4BitModeWriteString
                0x000046fe       0x52 ./HAL/HCLCD/HCLCD_Program.o
                0x000046fe                HAL_VidHCLCD_4BitModeWriteString
 .text.HAL_VidHCLCD_4BitModeWriteNumber
                0x00004750       0xee ./HAL/HCLCD/HCLCD_Program.o
                0x00004750                HAL_VidHCLCD_4BitModeWriteNumber
 .text.HAL_VidHCLCD_4BitModeSetPosition
                0x0000483e       0x36 ./HAL/HCLCD/HCLCD_Program.o
                0x0000483e                HAL_VidHCLCD_4BitModeSetPosition
 .text.HBUTTON_Errorstate_Button_Init
                0x00004874       0x38 ./HAL/HBUTTON/HBUTTON_Progam.o
                0x00004874                HBUTTON_Errorstate_Button_Init
 .text.HBUTTON_Errorstate_Button_Pressed
                0x000048ac       0x72 ./HAL/HBUTTON/HBUTTON_Progam.o
                0x000048ac                HBUTTON_Errorstate_Button_Pressed
 .text.main     0x0000491e       0xa0 ./main.o
                0x0000491e                main
 .text.libgcc   0x000049be       0x3e d:/engineer programs/amit/tools/sdk_win_64/sdk_win_64/sdk_win_64/winavr/bin/../lib/gcc/avr/4.3.3/avr5\libgcc.a(_mulsi3.o)
                0x000049be                __mulsi3
 .text.libgcc   0x000049fc       0x28 d:/engineer programs/amit/tools/sdk_win_64/sdk_win_64/sdk_win_64/winavr/bin/../lib/gcc/avr/4.3.3/avr5\libgcc.a(_udivmodhi4.o)
                0x000049fc                __udivmodhi4
 .text.libgcc   0x00004a24       0x44 d:/engineer programs/amit/tools/sdk_win_64/sdk_win_64/sdk_win_64/winavr/bin/../lib/gcc/avr/4.3.3/avr5\libgcc.a(_udivmodsi4.o)
                0x00004a24                __udivmodsi4
 .text.libgcc   0x00004a68        0x0 d:/engineer programs/amit/tools/sdk_win_64/sdk_win_64/sdk_win_64/winavr/bin/../lib/gcc/avr/4.3.3/avr5\libgcc.a(_exit.o)
 .text.libgcc   0x00004a68        0x0 d:/engineer programs/amit/tools/sdk_win_64/sdk_win_64/sdk_win_64/winavr/bin/../lib/gcc/avr/4.3.3/avr5\libgcc.a(_copy_data.o)
 .text.libgcc   0x00004a68        0x0 d:/engineer programs/amit/tools/sdk_win_64/sdk_win_64/sdk_win_64/winavr/bin/../lib/gcc/avr/4.3.3/avr5\libgcc.a(_clear_bss.o)
 .text.libgcc   0x00004a68       0x38 d:/engineer programs/amit/tools/sdk_win_64/sdk_win_64/sdk_win_64/winavr/bin/../lib/gcc/avr/4.3.3/avr5\libgcc.a(_prologue.o)
                0x00004a68                __prologue_saves__
 .text.libgcc   0x00004aa0       0x36 d:/engineer programs/amit/tools/sdk_win_64/sdk_win_64/sdk_win_64/winavr/bin/../lib/gcc/avr/4.3.3/avr5\libgcc.a(_epilogue.o)
                0x00004aa0                __epilogue_restores__
                0x00004ad6                . = ALIGN (0x2)
 *(.fini9)
 .fini9         0x00004ad6        0x0 d:/engineer programs/amit/tools/sdk_win_64/sdk_win_64/sdk_win_64/winavr/bin/../lib/gcc/avr/4.3.3/avr5\libgcc.a(_exit.o)
                0x00004ad6                exit
                0x00004ad6                _exit
 *(.fini9)
 *(.fini8)
 *(.fini8)
 *(.fini7)
 *(.fini7)
 *(.fini6)
 *(.fini6)
 *(.fini5)
 *(.fini5)
 *(.fini4)
 *(.fini4)
 *(.fini3)
 *(.fini3)
 *(.fini2)
 *(.fini2)
 *(.fini1)
 *(.fini1)
 *(.fini0)
 .fini0         0x00004ad6        0x4 d:/engineer programs/amit/tools/sdk_win_64/sdk_win_64/sdk_win_64/winavr/bin/../lib/gcc/avr/4.3.3/avr5\libgcc.a(_exit.o)
 *(.fini0)
                0x00004ada                _etext = .

.data           0x00800060       0x22 load address 0x00004ada
                0x00800060                PROVIDE (__data_start, .)
 *(.data)
 .data          0x00800060        0x0 d:/engineer programs/amit/tools/sdk_win_64/sdk_win_64/sdk_win_64/winavr/bin/../lib/gcc/avr/4.3.3/../../../../avr/lib/avr5/crtm32.o
 .data          0x00800060        0x0 ./MCAL/MUART/MUART_Program.o
 .data          0x00800060        0x0 ./MCAL/MTWI/MI2C_Program.o
 .data          0x00800060        0x0 ./MCAL/MTIMER2/MTIMER2_Program.o
 .data          0x00800060        0x0 ./MCAL/MTIMER1/MTIMER1_Program.o
 .data          0x00800060        0x0 ./MCAL/MTIMER0/MTIMER0_Program.o
 .data          0x00800060        0x0 ./MCAL/MSPI/MSPI_Program.o
 .data          0x00800060        0x0 ./MCAL/MGIE/MGIE_Program.o
 .data          0x00800060        0x0 ./MCAL/MEXTI/MEXTI_Program.o
 .data          0x00800060        0x0 ./MCAL/MDIO/MDIO_Program.o
 .data          0x00800060        0x0 ./MCAL/MADC/MADC_Program.o
 .data          0x00800060        0x0 ./HAL/HULTRASONIC/HULTRASONIC_Program.o
 .data          0x00800060        0x0 ./HAL/HTEMPERATURE/HTEMPERATURE_Program.o
 .data          0x00800060        0x0 ./HAL/HSTEPPER/HStepper_Program.o
 .data          0x00800060        0x0 ./HAL/HLED/HLED_Program.o
 .data          0x00800060        0x0 ./HAL/HKPD/HKPD_Program.o
 .data          0x00800060        0x0 ./HAL/HEEPROM/HEEPROM_Program.o
 .data          0x00800060        0x0 ./HAL/HCLCD/HCLCD_Program.o
 .data          0x00800060        0x0 ./HAL/HBUTTON/HBUTTON_Progam.o
 .data          0x00800060        0x9 ./main.o
 .data          0x00800069        0x0 d:/engineer programs/amit/tools/sdk_win_64/sdk_win_64/sdk_win_64/winavr/bin/../lib/gcc/avr/4.3.3/avr5\libgcc.a(_mulsi3.o)
 .data          0x00800069        0x0 d:/engineer programs/amit/tools/sdk_win_64/sdk_win_64/sdk_win_64/winavr/bin/../lib/gcc/avr/4.3.3/avr5\libgcc.a(_udivmodhi4.o)
 .data          0x00800069        0x0 d:/engineer programs/amit/tools/sdk_win_64/sdk_win_64/sdk_win_64/winavr/bin/../lib/gcc/avr/4.3.3/avr5\libgcc.a(_udivmodsi4.o)
 .data          0x00800069        0x0 d:/engineer programs/amit/tools/sdk_win_64/sdk_win_64/sdk_win_64/winavr/bin/../lib/gcc/avr/4.3.3/avr5\libgcc.a(_exit.o)
 .data          0x00800069        0x0 d:/engineer programs/amit/tools/sdk_win_64/sdk_win_64/sdk_win_64/winavr/bin/../lib/gcc/avr/4.3.3/avr5\libgcc.a(_copy_data.o)
 .data          0x00800069        0x0 d:/engineer programs/amit/tools/sdk_win_64/sdk_win_64/sdk_win_64/winavr/bin/../lib/gcc/avr/4.3.3/avr5\libgcc.a(_clear_bss.o)
 .data          0x00800069        0x0 d:/engineer programs/amit/tools/sdk_win_64/sdk_win_64/sdk_win_64/winavr/bin/../lib/gcc/avr/4.3.3/avr5\libgcc.a(_fixunssfsi.o)
 .data          0x00800069        0x0 d:/engineer programs/amit/tools/sdk_win_64/sdk_win_64/sdk_win_64/winavr/bin/../lib/gcc/avr/4.3.3/avr5\libgcc.a(_addsub_sf.o)
 .data          0x00800069        0x0 d:/engineer programs/amit/tools/sdk_win_64/sdk_win_64/sdk_win_64/winavr/bin/../lib/gcc/avr/4.3.3/avr5\libgcc.a(_mul_sf.o)
 .data          0x00800069        0x0 d:/engineer programs/amit/tools/sdk_win_64/sdk_win_64/sdk_win_64/winavr/bin/../lib/gcc/avr/4.3.3/avr5\libgcc.a(_div_sf.o)
 .data          0x00800069        0x0 d:/engineer programs/amit/tools/sdk_win_64/sdk_win_64/sdk_win_64/winavr/bin/../lib/gcc/avr/4.3.3/avr5\libgcc.a(_gt_sf.o)
 .data          0x00800069        0x0 d:/engineer programs/amit/tools/sdk_win_64/sdk_win_64/sdk_win_64/winavr/bin/../lib/gcc/avr/4.3.3/avr5\libgcc.a(_ge_sf.o)
 .data          0x00800069        0x0 d:/engineer programs/amit/tools/sdk_win_64/sdk_win_64/sdk_win_64/winavr/bin/../lib/gcc/avr/4.3.3/avr5\libgcc.a(_lt_sf.o)
 .data          0x00800069        0x0 d:/engineer programs/amit/tools/sdk_win_64/sdk_win_64/sdk_win_64/winavr/bin/../lib/gcc/avr/4.3.3/avr5\libgcc.a(_sf_to_si.o)
 .data          0x00800069        0x8 d:/engineer programs/amit/tools/sdk_win_64/sdk_win_64/sdk_win_64/winavr/bin/../lib/gcc/avr/4.3.3/avr5\libgcc.a(_thenan_sf.o)
                0x00800069                __thenan_sf
 .data          0x00800071        0x0 d:/engineer programs/amit/tools/sdk_win_64/sdk_win_64/sdk_win_64/winavr/bin/../lib/gcc/avr/4.3.3/avr5\libgcc.a(_prologue.o)
 .data          0x00800071        0x0 d:/engineer programs/amit/tools/sdk_win_64/sdk_win_64/sdk_win_64/winavr/bin/../lib/gcc/avr/4.3.3/avr5\libgcc.a(_epilogue.o)
 .data          0x00800071        0x0 d:/engineer programs/amit/tools/sdk_win_64/sdk_win_64/sdk_win_64/winavr/bin/../lib/gcc/avr/4.3.3/avr5\libgcc.a(_pack_sf.o)
 .data          0x00800071        0x0 d:/engineer programs/amit/tools/sdk_win_64/sdk_win_64/sdk_win_64/winavr/bin/../lib/gcc/avr/4.3.3/avr5\libgcc.a(_unpack_sf.o)
 .data          0x00800071        0x0 d:/engineer programs/amit/tools/sdk_win_64/sdk_win_64/sdk_win_64/winavr/bin/../lib/gcc/avr/4.3.3/avr5\libgcc.a(_fpcmp_parts_sf.o)
 *(.data*)
 .data.KPD_uint8Values
                0x00800071       0x10 ./HAL/HKPD/HKPD_Program.o
                0x00800071                KPD_uint8Values
 *(.rodata)
 *(.rodata*)
 *(.gnu.linkonce.d*)
                0x00800082                . = ALIGN (0x2)
 *fill*         0x00800081        0x1 00
                0x00800082                _edata = .
                0x00800082                PROVIDE (__data_end, .)

.bss            0x00800082       0x1b
                0x00800082                PROVIDE (__bss_start, .)
 *(.bss)
 .bss           0x00800082        0x0 d:/engineer programs/amit/tools/sdk_win_64/sdk_win_64/sdk_win_64/winavr/bin/../lib/gcc/avr/4.3.3/../../../../avr/lib/avr5/crtm32.o
 .bss           0x00800082        0x0 ./MCAL/MUART/MUART_Program.o
 .bss           0x00800082        0x0 ./MCAL/MTWI/MI2C_Program.o
 .bss           0x00800082        0x0 ./MCAL/MTIMER2/MTIMER2_Program.o
 .bss           0x00800082        0x0 ./MCAL/MTIMER1/MTIMER1_Program.o
 .bss           0x00800082        0x0 ./MCAL/MTIMER0/MTIMER0_Program.o
 .bss           0x00800082        0x0 ./MCAL/MSPI/MSPI_Program.o
 .bss           0x00800082        0x0 ./MCAL/MGIE/MGIE_Program.o
 .bss           0x00800082        0x0 ./MCAL/MEXTI/MEXTI_Program.o
 .bss           0x00800082        0x0 ./MCAL/MDIO/MDIO_Program.o
 .bss           0x00800082        0x0 ./MCAL/MADC/MADC_Program.o
 .bss           0x00800082        0x0 ./HAL/HULTRASONIC/HULTRASONIC_Program.o
 .bss           0x00800082        0x0 ./HAL/HTEMPERATURE/HTEMPERATURE_Program.o
 .bss           0x00800082        0x0 ./HAL/HSTEPPER/HStepper_Program.o
 .bss           0x00800082        0x0 ./HAL/HLED/HLED_Program.o
 .bss           0x00800082        0x0 ./HAL/HKPD/HKPD_Program.o
 .bss           0x00800082        0x0 ./HAL/HEEPROM/HEEPROM_Program.o
 .bss           0x00800082        0x0 ./HAL/HCLCD/HCLCD_Program.o
 .bss           0x00800082        0x0 ./HAL/HBUTTON/HBUTTON_Progam.o
 .bss           0x00800082        0x0 ./main.o
 .bss           0x00800082        0x0 d:/engineer programs/amit/tools/sdk_win_64/sdk_win_64/sdk_win_64/winavr/bin/../lib/gcc/avr/4.3.3/avr5\libgcc.a(_mulsi3.o)
 .bss           0x00800082        0x0 d:/engineer programs/amit/tools/sdk_win_64/sdk_win_64/sdk_win_64/winavr/bin/../lib/gcc/avr/4.3.3/avr5\libgcc.a(_udivmodhi4.o)
 .bss           0x00800082        0x0 d:/engineer programs/amit/tools/sdk_win_64/sdk_win_64/sdk_win_64/winavr/bin/../lib/gcc/avr/4.3.3/avr5\libgcc.a(_udivmodsi4.o)
 .bss           0x00800082        0x0 d:/engineer programs/amit/tools/sdk_win_64/sdk_win_64/sdk_win_64/winavr/bin/../lib/gcc/avr/4.3.3/avr5\libgcc.a(_exit.o)
 .bss           0x00800082        0x0 d:/engineer programs/amit/tools/sdk_win_64/sdk_win_64/sdk_win_64/winavr/bin/../lib/gcc/avr/4.3.3/avr5\libgcc.a(_copy_data.o)
 .bss           0x00800082        0x0 d:/engineer programs/amit/tools/sdk_win_64/sdk_win_64/sdk_win_64/winavr/bin/../lib/gcc/avr/4.3.3/avr5\libgcc.a(_clear_bss.o)
 .bss           0x00800082        0x0 d:/engineer programs/amit/tools/sdk_win_64/sdk_win_64/sdk_win_64/winavr/bin/../lib/gcc/avr/4.3.3/avr5\libgcc.a(_fixunssfsi.o)
 .bss           0x00800082        0x0 d:/engineer programs/amit/tools/sdk_win_64/sdk_win_64/sdk_win_64/winavr/bin/../lib/gcc/avr/4.3.3/avr5\libgcc.a(_addsub_sf.o)
 .bss           0x00800082        0x0 d:/engineer programs/amit/tools/sdk_win_64/sdk_win_64/sdk_win_64/winavr/bin/../lib/gcc/avr/4.3.3/avr5\libgcc.a(_mul_sf.o)
 .bss           0x00800082        0x0 d:/engineer programs/amit/tools/sdk_win_64/sdk_win_64/sdk_win_64/winavr/bin/../lib/gcc/avr/4.3.3/avr5\libgcc.a(_div_sf.o)
 .bss           0x00800082        0x0 d:/engineer programs/amit/tools/sdk_win_64/sdk_win_64/sdk_win_64/winavr/bin/../lib/gcc/avr/4.3.3/avr5\libgcc.a(_gt_sf.o)
 .bss           0x00800082        0x0 d:/engineer programs/amit/tools/sdk_win_64/sdk_win_64/sdk_win_64/winavr/bin/../lib/gcc/avr/4.3.3/avr5\libgcc.a(_ge_sf.o)
 .bss           0x00800082        0x0 d:/engineer programs/amit/tools/sdk_win_64/sdk_win_64/sdk_win_64/winavr/bin/../lib/gcc/avr/4.3.3/avr5\libgcc.a(_lt_sf.o)
 .bss           0x00800082        0x0 d:/engineer programs/amit/tools/sdk_win_64/sdk_win_64/sdk_win_64/winavr/bin/../lib/gcc/avr/4.3.3/avr5\libgcc.a(_sf_to_si.o)
 .bss           0x00800082        0x0 d:/engineer programs/amit/tools/sdk_win_64/sdk_win_64/sdk_win_64/winavr/bin/../lib/gcc/avr/4.3.3/avr5\libgcc.a(_thenan_sf.o)
 .bss           0x00800082        0x0 d:/engineer programs/amit/tools/sdk_win_64/sdk_win_64/sdk_win_64/winavr/bin/../lib/gcc/avr/4.3.3/avr5\libgcc.a(_prologue.o)
 .bss           0x00800082        0x0 d:/engineer programs/amit/tools/sdk_win_64/sdk_win_64/sdk_win_64/winavr/bin/../lib/gcc/avr/4.3.3/avr5\libgcc.a(_epilogue.o)
 .bss           0x00800082        0x0 d:/engineer programs/amit/tools/sdk_win_64/sdk_win_64/sdk_win_64/winavr/bin/../lib/gcc/avr/4.3.3/avr5\libgcc.a(_pack_sf.o)
 .bss           0x00800082        0x0 d:/engineer programs/amit/tools/sdk_win_64/sdk_win_64/sdk_win_64/winavr/bin/../lib/gcc/avr/4.3.3/avr5\libgcc.a(_unpack_sf.o)
 .bss           0x00800082        0x0 d:/engineer programs/amit/tools/sdk_win_64/sdk_win_64/sdk_win_64/winavr/bin/../lib/gcc/avr/4.3.3/avr5\libgcc.a(_fpcmp_parts_sf.o)
 *(.bss*)
 .bss.Global_uint16Flag
                0x00800082        0x2 ./HAL/HULTRASONIC/HULTRASONIC_Program.o
 .bss.Global_uint32counter
                0x00800084        0x4 ./HAL/HULTRASONIC/HULTRASONIC_Program.o
 .bss.Global_uint32t1
                0x00800088        0x4 ./HAL/HULTRASONIC/HULTRASONIC_Program.o
 .bss.Global_uint32t2
                0x0080008c        0x4 ./HAL/HULTRASONIC/HULTRASONIC_Program.o
 .bss.flag.1282
                0x00800090        0x1 ./HAL/HLED/HLED_Program.o
 *(COMMON)
 COMMON         0x00800091        0x2 ./MCAL/MUART/MUART_Program.o
                0x00800091                CALLBACK
 COMMON         0x00800093        0x2 ./MCAL/MTIMER2/MTIMER2_Program.o
                0x00800093                MTIMER2_CALLBACK
 COMMON         0x00800095        0x2 ./MCAL/MTIMER1/MTIMER1_Program.o
                0x00800095                MTIMER1_CALLBACK
 COMMON         0x00800097        0x2 ./MCAL/MTIMER0/MTIMER0_Program.o
                0x00800097                MTIMER0_CALLBACK
 COMMON         0x00800099        0x2 ./MCAL/MSPI/MSPI_Program.o
                0x00800099                MSPI_CALLBACK
 COMMON         0x0080009b        0x2 ./MCAL/MADC/MADC_Program.o
                0x0080009b                MADC_CALLBACK
                0x0080009d                PROVIDE (__bss_end, .)
                0x00004ada                __data_load_start = LOADADDR (.data)
                0x00004afc                __data_load_end = (__data_load_start + SIZEOF (.data))

.noinit         0x0080009d        0x0
                0x0080009d                PROVIDE (__noinit_start, .)
 *(.noinit*)
                0x0080009d                PROVIDE (__noinit_end, .)
                0x0080009d                _end = .
                0x0080009d                PROVIDE (__heap_start, .)

.eeprom         0x00810000        0x0
 *(.eeprom*)
                0x00810000                __eeprom_end = .

.fuse
 *(.fuse)
 *(.lfuse)
 *(.hfuse)
 *(.efuse)

.lock
 *(.lock*)

.signature
 *(.signature*)

.stab           0x00000000     0x5f64
 *(.stab)
 .stab          0x00000000      0x4d4 ./MCAL/MUART/MUART_Program.o
 .stab          0x000004d4      0x6c0 ./MCAL/MTWI/MI2C_Program.o
                                0x6cc (size before relaxing)
 .stab          0x00000b94      0x330 ./MCAL/MTIMER2/MTIMER2_Program.o
                                0x33c (size before relaxing)
 .stab          0x00000ec4      0x510 ./MCAL/MTIMER1/MTIMER1_Program.o
                                0x51c (size before relaxing)
 .stab          0x000013d4      0x36c ./MCAL/MTIMER0/MTIMER0_Program.o
                                0x378 (size before relaxing)
 .stab          0x00001740      0x330 ./MCAL/MSPI/MSPI_Program.o
                                0x33c (size before relaxing)
 .stab          0x00001a70      0x1c8 ./MCAL/MGIE/MGIE_Program.o
                                0x1d4 (size before relaxing)
 .stab          0x00001c38      0x51c ./MCAL/MEXTI/MEXTI_Program.o
                                0x528 (size before relaxing)
 .stab          0x00002154      0x7a4 ./MCAL/MDIO/MDIO_Program.o
                                0x7b0 (size before relaxing)
 .stab          0x000028f8      0x414 ./MCAL/MADC/MADC_Program.o
                                0x420 (size before relaxing)
 .stab          0x00002d0c      0x8dc ./HAL/HULTRASONIC/HULTRASONIC_Program.o
                                0x8e8 (size before relaxing)
 .stab          0x000035e8      0x2d0 ./HAL/HTEMPERATURE/HTEMPERATURE_Program.o
                                0x2dc (size before relaxing)
 .stab          0x000038b8      0x9f0 ./HAL/HSTEPPER/HStepper_Program.o
                                0xb88 (size before relaxing)
 .stab          0x000042a8      0x450 ./HAL/HLED/HLED_Program.o
                                0x45c (size before relaxing)
 .stab          0x000046f8      0x480 ./HAL/HKPD/HKPD_Program.o
                                0x618 (size before relaxing)
 .stab          0x00004b78      0x3fc ./HAL/HEEPROM/HEEPROM_Program.o
                                0x594 (size before relaxing)
 .stab          0x00004f74      0xa5c ./HAL/HCLCD/HCLCD_Program.o
                                0xbf4 (size before relaxing)
 .stab          0x000059d0      0x2e8 ./HAL/HBUTTON/HBUTTON_Progam.o
                                0x2f4 (size before relaxing)
 .stab          0x00005cb8      0x2ac ./main.o
                                0x48c (size before relaxing)

.stabstr        0x00000000     0x26f5
 *(.stabstr)
 .stabstr       0x00000000     0x26f5 ./MCAL/MUART/MUART_Program.o

.stab.excl
 *(.stab.excl)

.stab.exclstr
 *(.stab.exclstr)

.stab.index
 *(.stab.index)

.stab.indexstr
 *(.stab.indexstr)

.comment
 *(.comment)

.debug
 *(.debug)

.line
 *(.line)

.debug_srcinfo
 *(.debug_srcinfo)

.debug_sfnames
 *(.debug_sfnames)

.debug_aranges  0x00000000      0x160
 *(.debug_aranges)
 .debug_aranges
                0x00000000       0x20 d:/engineer programs/amit/tools/sdk_win_64/sdk_win_64/sdk_win_64/winavr/bin/../lib/gcc/avr/4.3.3/avr5\libgcc.a(_fixunssfsi.o)
 .debug_aranges
                0x00000020       0x20 d:/engineer programs/amit/tools/sdk_win_64/sdk_win_64/sdk_win_64/winavr/bin/../lib/gcc/avr/4.3.3/avr5\libgcc.a(_addsub_sf.o)
 .debug_aranges
                0x00000040       0x20 d:/engineer programs/amit/tools/sdk_win_64/sdk_win_64/sdk_win_64/winavr/bin/../lib/gcc/avr/4.3.3/avr5\libgcc.a(_mul_sf.o)
 .debug_aranges
                0x00000060       0x20 d:/engineer programs/amit/tools/sdk_win_64/sdk_win_64/sdk_win_64/winavr/bin/../lib/gcc/avr/4.3.3/avr5\libgcc.a(_div_sf.o)
 .debug_aranges
                0x00000080       0x20 d:/engineer programs/amit/tools/sdk_win_64/sdk_win_64/sdk_win_64/winavr/bin/../lib/gcc/avr/4.3.3/avr5\libgcc.a(_gt_sf.o)
 .debug_aranges
                0x000000a0       0x20 d:/engineer programs/amit/tools/sdk_win_64/sdk_win_64/sdk_win_64/winavr/bin/../lib/gcc/avr/4.3.3/avr5\libgcc.a(_ge_sf.o)
 .debug_aranges
                0x000000c0       0x20 d:/engineer programs/amit/tools/sdk_win_64/sdk_win_64/sdk_win_64/winavr/bin/../lib/gcc/avr/4.3.3/avr5\libgcc.a(_lt_sf.o)
 .debug_aranges
                0x000000e0       0x20 d:/engineer programs/amit/tools/sdk_win_64/sdk_win_64/sdk_win_64/winavr/bin/../lib/gcc/avr/4.3.3/avr5\libgcc.a(_sf_to_si.o)
 .debug_aranges
                0x00000100       0x20 d:/engineer programs/amit/tools/sdk_win_64/sdk_win_64/sdk_win_64/winavr/bin/../lib/gcc/avr/4.3.3/avr5\libgcc.a(_pack_sf.o)
 .debug_aranges
                0x00000120       0x20 d:/engineer programs/amit/tools/sdk_win_64/sdk_win_64/sdk_win_64/winavr/bin/../lib/gcc/avr/4.3.3/avr5\libgcc.a(_unpack_sf.o)
 .debug_aranges
                0x00000140       0x20 d:/engineer programs/amit/tools/sdk_win_64/sdk_win_64/sdk_win_64/winavr/bin/../lib/gcc/avr/4.3.3/avr5\libgcc.a(_fpcmp_parts_sf.o)

.debug_pubnames
                0x00000000      0x18f
 *(.debug_pubnames)
 .debug_pubnames
                0x00000000       0x23 d:/engineer programs/amit/tools/sdk_win_64/sdk_win_64/sdk_win_64/winavr/bin/../lib/gcc/avr/4.3.3/avr5\libgcc.a(_fixunssfsi.o)
 .debug_pubnames
                0x00000023       0x2c d:/engineer programs/amit/tools/sdk_win_64/sdk_win_64/sdk_win_64/winavr/bin/../lib/gcc/avr/4.3.3/avr5\libgcc.a(_addsub_sf.o)
 .debug_pubnames
                0x0000004f       0x1f d:/engineer programs/amit/tools/sdk_win_64/sdk_win_64/sdk_win_64/winavr/bin/../lib/gcc/avr/4.3.3/avr5\libgcc.a(_mul_sf.o)
 .debug_pubnames
                0x0000006e       0x1f d:/engineer programs/amit/tools/sdk_win_64/sdk_win_64/sdk_win_64/winavr/bin/../lib/gcc/avr/4.3.3/avr5\libgcc.a(_div_sf.o)
 .debug_pubnames
                0x0000008d       0x1e d:/engineer programs/amit/tools/sdk_win_64/sdk_win_64/sdk_win_64/winavr/bin/../lib/gcc/avr/4.3.3/avr5\libgcc.a(_gt_sf.o)
 .debug_pubnames
                0x000000ab       0x1e d:/engineer programs/amit/tools/sdk_win_64/sdk_win_64/sdk_win_64/winavr/bin/../lib/gcc/avr/4.3.3/avr5\libgcc.a(_ge_sf.o)
 .debug_pubnames
                0x000000c9       0x1e d:/engineer programs/amit/tools/sdk_win_64/sdk_win_64/sdk_win_64/winavr/bin/../lib/gcc/avr/4.3.3/avr5\libgcc.a(_lt_sf.o)
 .debug_pubnames
                0x000000e7       0x20 d:/engineer programs/amit/tools/sdk_win_64/sdk_win_64/sdk_win_64/winavr/bin/../lib/gcc/avr/4.3.3/avr5\libgcc.a(_sf_to_si.o)
 .debug_pubnames
                0x00000107       0x22 d:/engineer programs/amit/tools/sdk_win_64/sdk_win_64/sdk_win_64/winavr/bin/../lib/gcc/avr/4.3.3/avr5\libgcc.a(_thenan_sf.o)
 .debug_pubnames
                0x00000129       0x1f d:/engineer programs/amit/tools/sdk_win_64/sdk_win_64/sdk_win_64/winavr/bin/../lib/gcc/avr/4.3.3/avr5\libgcc.a(_pack_sf.o)
 .debug_pubnames
                0x00000148       0x21 d:/engineer programs/amit/tools/sdk_win_64/sdk_win_64/sdk_win_64/winavr/bin/../lib/gcc/avr/4.3.3/avr5\libgcc.a(_unpack_sf.o)
 .debug_pubnames
                0x00000169       0x26 d:/engineer programs/amit/tools/sdk_win_64/sdk_win_64/sdk_win_64/winavr/bin/../lib/gcc/avr/4.3.3/avr5\libgcc.a(_fpcmp_parts_sf.o)

.debug_info     0x00000000     0x2045
 *(.debug_info)
 .debug_info    0x00000000       0xb1 d:/engineer programs/amit/tools/sdk_win_64/sdk_win_64/sdk_win_64/winavr/bin/../lib/gcc/avr/4.3.3/avr5\libgcc.a(_fixunssfsi.o)
 .debug_info    0x000000b1      0x47a d:/engineer programs/amit/tools/sdk_win_64/sdk_win_64/sdk_win_64/winavr/bin/../lib/gcc/avr/4.3.3/avr5\libgcc.a(_addsub_sf.o)
 .debug_info    0x0000052b      0x485 d:/engineer programs/amit/tools/sdk_win_64/sdk_win_64/sdk_win_64/winavr/bin/../lib/gcc/avr/4.3.3/avr5\libgcc.a(_mul_sf.o)
 .debug_info    0x000009b0      0x3fc d:/engineer programs/amit/tools/sdk_win_64/sdk_win_64/sdk_win_64/winavr/bin/../lib/gcc/avr/4.3.3/avr5\libgcc.a(_div_sf.o)
 .debug_info    0x00000dac      0x27f d:/engineer programs/amit/tools/sdk_win_64/sdk_win_64/sdk_win_64/winavr/bin/../lib/gcc/avr/4.3.3/avr5\libgcc.a(_gt_sf.o)
 .debug_info    0x0000102b      0x27f d:/engineer programs/amit/tools/sdk_win_64/sdk_win_64/sdk_win_64/winavr/bin/../lib/gcc/avr/4.3.3/avr5\libgcc.a(_ge_sf.o)
 .debug_info    0x000012aa      0x27f d:/engineer programs/amit/tools/sdk_win_64/sdk_win_64/sdk_win_64/winavr/bin/../lib/gcc/avr/4.3.3/avr5\libgcc.a(_lt_sf.o)
 .debug_info    0x00001529      0x2b0 d:/engineer programs/amit/tools/sdk_win_64/sdk_win_64/sdk_win_64/winavr/bin/../lib/gcc/avr/4.3.3/avr5\libgcc.a(_sf_to_si.o)
 .debug_info    0x000017d9      0x12c d:/engineer programs/amit/tools/sdk_win_64/sdk_win_64/sdk_win_64/winavr/bin/../lib/gcc/avr/4.3.3/avr5\libgcc.a(_thenan_sf.o)
 .debug_info    0x00001905      0x2df d:/engineer programs/amit/tools/sdk_win_64/sdk_win_64/sdk_win_64/winavr/bin/../lib/gcc/avr/4.3.3/avr5\libgcc.a(_pack_sf.o)
 .debug_info    0x00001be4      0x251 d:/engineer programs/amit/tools/sdk_win_64/sdk_win_64/sdk_win_64/winavr/bin/../lib/gcc/avr/4.3.3/avr5\libgcc.a(_unpack_sf.o)
 .debug_info    0x00001e35      0x210 d:/engineer programs/amit/tools/sdk_win_64/sdk_win_64/sdk_win_64/winavr/bin/../lib/gcc/avr/4.3.3/avr5\libgcc.a(_fpcmp_parts_sf.o)
 *(.gnu.linkonce.wi.*)

.debug_abbrev   0x00000000     0x1101
 *(.debug_abbrev)
 .debug_abbrev  0x00000000       0x5d d:/engineer programs/amit/tools/sdk_win_64/sdk_win_64/sdk_win_64/winavr/bin/../lib/gcc/avr/4.3.3/avr5\libgcc.a(_fixunssfsi.o)
 .debug_abbrev  0x0000005d      0x1ea d:/engineer programs/amit/tools/sdk_win_64/sdk_win_64/sdk_win_64/winavr/bin/../lib/gcc/avr/4.3.3/avr5\libgcc.a(_addsub_sf.o)
 .debug_abbrev  0x00000247      0x21b d:/engineer programs/amit/tools/sdk_win_64/sdk_win_64/sdk_win_64/winavr/bin/../lib/gcc/avr/4.3.3/avr5\libgcc.a(_mul_sf.o)
 .debug_abbrev  0x00000462      0x216 d:/engineer programs/amit/tools/sdk_win_64/sdk_win_64/sdk_win_64/winavr/bin/../lib/gcc/avr/4.3.3/avr5\libgcc.a(_div_sf.o)
 .debug_abbrev  0x00000678      0x15a d:/engineer programs/amit/tools/sdk_win_64/sdk_win_64/sdk_win_64/winavr/bin/../lib/gcc/avr/4.3.3/avr5\libgcc.a(_gt_sf.o)
 .debug_abbrev  0x000007d2      0x15a d:/engineer programs/amit/tools/sdk_win_64/sdk_win_64/sdk_win_64/winavr/bin/../lib/gcc/avr/4.3.3/avr5\libgcc.a(_ge_sf.o)
 .debug_abbrev  0x0000092c      0x15a d:/engineer programs/amit/tools/sdk_win_64/sdk_win_64/sdk_win_64/winavr/bin/../lib/gcc/avr/4.3.3/avr5\libgcc.a(_lt_sf.o)
 .debug_abbrev  0x00000a86      0x17f d:/engineer programs/amit/tools/sdk_win_64/sdk_win_64/sdk_win_64/winavr/bin/../lib/gcc/avr/4.3.3/avr5\libgcc.a(_sf_to_si.o)
 .debug_abbrev  0x00000c05       0xad d:/engineer programs/amit/tools/sdk_win_64/sdk_win_64/sdk_win_64/winavr/bin/../lib/gcc/avr/4.3.3/avr5\libgcc.a(_thenan_sf.o)
 .debug_abbrev  0x00000cb2      0x1c0 d:/engineer programs/amit/tools/sdk_win_64/sdk_win_64/sdk_win_64/winavr/bin/../lib/gcc/avr/4.3.3/avr5\libgcc.a(_pack_sf.o)
 .debug_abbrev  0x00000e72      0x154 d:/engineer programs/amit/tools/sdk_win_64/sdk_win_64/sdk_win_64/winavr/bin/../lib/gcc/avr/4.3.3/avr5\libgcc.a(_unpack_sf.o)
 .debug_abbrev  0x00000fc6      0x13b d:/engineer programs/amit/tools/sdk_win_64/sdk_win_64/sdk_win_64/winavr/bin/../lib/gcc/avr/4.3.3/avr5\libgcc.a(_fpcmp_parts_sf.o)

.debug_line     0x00000000      0xf82
 *(.debug_line)
 .debug_line    0x00000000       0xa7 d:/engineer programs/amit/tools/sdk_win_64/sdk_win_64/sdk_win_64/winavr/bin/../lib/gcc/avr/4.3.3/avr5\libgcc.a(_fixunssfsi.o)
 .debug_line    0x000000a7      0x2af d:/engineer programs/amit/tools/sdk_win_64/sdk_win_64/sdk_win_64/winavr/bin/../lib/gcc/avr/4.3.3/avr5\libgcc.a(_addsub_sf.o)
 .debug_line    0x00000356      0x239 d:/engineer programs/amit/tools/sdk_win_64/sdk_win_64/sdk_win_64/winavr/bin/../lib/gcc/avr/4.3.3/avr5\libgcc.a(_mul_sf.o)
 .debug_line    0x0000058f      0x1d5 d:/engineer programs/amit/tools/sdk_win_64/sdk_win_64/sdk_win_64/winavr/bin/../lib/gcc/avr/4.3.3/avr5\libgcc.a(_div_sf.o)
 .debug_line    0x00000764       0xd3 d:/engineer programs/amit/tools/sdk_win_64/sdk_win_64/sdk_win_64/winavr/bin/../lib/gcc/avr/4.3.3/avr5\libgcc.a(_gt_sf.o)
 .debug_line    0x00000837       0xd3 d:/engineer programs/amit/tools/sdk_win_64/sdk_win_64/sdk_win_64/winavr/bin/../lib/gcc/avr/4.3.3/avr5\libgcc.a(_ge_sf.o)
 .debug_line    0x0000090a       0xd3 d:/engineer programs/amit/tools/sdk_win_64/sdk_win_64/sdk_win_64/winavr/bin/../lib/gcc/avr/4.3.3/avr5\libgcc.a(_lt_sf.o)
 .debug_line    0x000009dd      0x109 d:/engineer programs/amit/tools/sdk_win_64/sdk_win_64/sdk_win_64/winavr/bin/../lib/gcc/avr/4.3.3/avr5\libgcc.a(_sf_to_si.o)
 .debug_line    0x00000ae6       0x90 d:/engineer programs/amit/tools/sdk_win_64/sdk_win_64/sdk_win_64/winavr/bin/../lib/gcc/avr/4.3.3/avr5\libgcc.a(_thenan_sf.o)
 .debug_line    0x00000b76      0x18a d:/engineer programs/amit/tools/sdk_win_64/sdk_win_64/sdk_win_64/winavr/bin/../lib/gcc/avr/4.3.3/avr5\libgcc.a(_pack_sf.o)
 .debug_line    0x00000d00      0x14b d:/engineer programs/amit/tools/sdk_win_64/sdk_win_64/sdk_win_64/winavr/bin/../lib/gcc/avr/4.3.3/avr5\libgcc.a(_unpack_sf.o)
 .debug_line    0x00000e4b      0x137 d:/engineer programs/amit/tools/sdk_win_64/sdk_win_64/sdk_win_64/winavr/bin/../lib/gcc/avr/4.3.3/avr5\libgcc.a(_fpcmp_parts_sf.o)

.debug_frame    0x00000000      0x180
 *(.debug_frame)
 .debug_frame   0x00000000       0x20 d:/engineer programs/amit/tools/sdk_win_64/sdk_win_64/sdk_win_64/winavr/bin/../lib/gcc/avr/4.3.3/avr5\libgcc.a(_fixunssfsi.o)
 .debug_frame   0x00000020       0x40 d:/engineer programs/amit/tools/sdk_win_64/sdk_win_64/sdk_win_64/winavr/bin/../lib/gcc/avr/4.3.3/avr5\libgcc.a(_addsub_sf.o)
 .debug_frame   0x00000060       0x20 d:/engineer programs/amit/tools/sdk_win_64/sdk_win_64/sdk_win_64/winavr/bin/../lib/gcc/avr/4.3.3/avr5\libgcc.a(_mul_sf.o)
 .debug_frame   0x00000080       0x20 d:/engineer programs/amit/tools/sdk_win_64/sdk_win_64/sdk_win_64/winavr/bin/../lib/gcc/avr/4.3.3/avr5\libgcc.a(_div_sf.o)
 .debug_frame   0x000000a0       0x20 d:/engineer programs/amit/tools/sdk_win_64/sdk_win_64/sdk_win_64/winavr/bin/../lib/gcc/avr/4.3.3/avr5\libgcc.a(_gt_sf.o)
 .debug_frame   0x000000c0       0x20 d:/engineer programs/amit/tools/sdk_win_64/sdk_win_64/sdk_win_64/winavr/bin/../lib/gcc/avr/4.3.3/avr5\libgcc.a(_ge_sf.o)
 .debug_frame   0x000000e0       0x20 d:/engineer programs/amit/tools/sdk_win_64/sdk_win_64/sdk_win_64/winavr/bin/../lib/gcc/avr/4.3.3/avr5\libgcc.a(_lt_sf.o)
 .debug_frame   0x00000100       0x20 d:/engineer programs/amit/tools/sdk_win_64/sdk_win_64/sdk_win_64/winavr/bin/../lib/gcc/avr/4.3.3/avr5\libgcc.a(_sf_to_si.o)
 .debug_frame   0x00000120       0x20 d:/engineer programs/amit/tools/sdk_win_64/sdk_win_64/sdk_win_64/winavr/bin/../lib/gcc/avr/4.3.3/avr5\libgcc.a(_pack_sf.o)
 .debug_frame   0x00000140       0x20 d:/engineer programs/amit/tools/sdk_win_64/sdk_win_64/sdk_win_64/winavr/bin/../lib/gcc/avr/4.3.3/avr5\libgcc.a(_unpack_sf.o)
 .debug_frame   0x00000160       0x20 d:/engineer programs/amit/tools/sdk_win_64/sdk_win_64/sdk_win_64/winavr/bin/../lib/gcc/avr/4.3.3/avr5\libgcc.a(_fpcmp_parts_sf.o)

.debug_str      0x00000000      0x2c2
 *(.debug_str)
 .debug_str     0x00000000       0xbf d:/engineer programs/amit/tools/sdk_win_64/sdk_win_64/sdk_win_64/winavr/bin/../lib/gcc/avr/4.3.3/avr5\libgcc.a(_fixunssfsi.o)
                                 0xfe (size before relaxing)
 .debug_str     0x000000bf      0x14d d:/engineer programs/amit/tools/sdk_win_64/sdk_win_64/sdk_win_64/winavr/bin/../lib/gcc/avr/4.3.3/avr5\libgcc.a(_addsub_sf.o)
                                0x206 (size before relaxing)
 .debug_str     0x0000020c       0x27 d:/engineer programs/amit/tools/sdk_win_64/sdk_win_64/sdk_win_64/winavr/bin/../lib/gcc/avr/4.3.3/avr5\libgcc.a(_mul_sf.o)
                                0x1bf (size before relaxing)
 .debug_str     0x00000233       0x35 d:/engineer programs/amit/tools/sdk_win_64/sdk_win_64/sdk_win_64/winavr/bin/../lib/gcc/avr/4.3.3/avr5\libgcc.a(_div_sf.o)
                                0x1c8 (size before relaxing)
 .debug_str     0x00000268        0xf d:/engineer programs/amit/tools/sdk_win_64/sdk_win_64/sdk_win_64/winavr/bin/../lib/gcc/avr/4.3.3/avr5\libgcc.a(_gt_sf.o)
                                0x195 (size before relaxing)
 .debug_str     0x00000277        0x8 d:/engineer programs/amit/tools/sdk_win_64/sdk_win_64/sdk_win_64/winavr/bin/../lib/gcc/avr/4.3.3/avr5\libgcc.a(_ge_sf.o)
                                0x195 (size before relaxing)
 .debug_str     0x0000027f        0x8 d:/engineer programs/amit/tools/sdk_win_64/sdk_win_64/sdk_win_64/winavr/bin/../lib/gcc/avr/4.3.3/avr5\libgcc.a(_lt_sf.o)
                                0x195 (size before relaxing)
 .debug_str     0x00000287        0xa d:/engineer programs/amit/tools/sdk_win_64/sdk_win_64/sdk_win_64/winavr/bin/../lib/gcc/avr/4.3.3/avr5\libgcc.a(_sf_to_si.o)
                                0x19e (size before relaxing)
 .debug_str     0x00000000      0x103 d:/engineer programs/amit/tools/sdk_win_64/sdk_win_64/sdk_win_64/winavr/bin/../lib/gcc/avr/4.3.3/avr5\libgcc.a(_thenan_sf.o)
 .debug_str     0x00000291       0x16 d:/engineer programs/amit/tools/sdk_win_64/sdk_win_64/sdk_win_64/winavr/bin/../lib/gcc/avr/4.3.3/avr5\libgcc.a(_pack_sf.o)
                                0x19d (size before relaxing)
 .debug_str     0x000002a7        0xb d:/engineer programs/amit/tools/sdk_win_64/sdk_win_64/sdk_win_64/winavr/bin/../lib/gcc/avr/4.3.3/avr5\libgcc.a(_unpack_sf.o)
                                0x17f (size before relaxing)
 .debug_str     0x000002b2       0x10 d:/engineer programs/amit/tools/sdk_win_64/sdk_win_64/sdk_win_64/winavr/bin/../lib/gcc/avr/4.3.3/avr5\libgcc.a(_fpcmp_parts_sf.o)
                                0x163 (size before relaxing)

.debug_loc      0x00000000      0x88e
 *(.debug_loc)
 .debug_loc     0x00000000       0x34 d:/engineer programs/amit/tools/sdk_win_64/sdk_win_64/sdk_win_64/winavr/bin/../lib/gcc/avr/4.3.3/avr5\libgcc.a(_fixunssfsi.o)
 .debug_loc     0x00000034      0x32a d:/engineer programs/amit/tools/sdk_win_64/sdk_win_64/sdk_win_64/winavr/bin/../lib/gcc/avr/4.3.3/avr5\libgcc.a(_addsub_sf.o)
 .debug_loc     0x0000035e      0x104 d:/engineer programs/amit/tools/sdk_win_64/sdk_win_64/sdk_win_64/winavr/bin/../lib/gcc/avr/4.3.3/avr5\libgcc.a(_mul_sf.o)
 .debug_loc     0x00000462       0xc0 d:/engineer programs/amit/tools/sdk_win_64/sdk_win_64/sdk_win_64/winavr/bin/../lib/gcc/avr/4.3.3/avr5\libgcc.a(_div_sf.o)
 .debug_loc     0x00000522       0x3c d:/engineer programs/amit/tools/sdk_win_64/sdk_win_64/sdk_win_64/winavr/bin/../lib/gcc/avr/4.3.3/avr5\libgcc.a(_gt_sf.o)
 .debug_loc     0x0000055e       0x3c d:/engineer programs/amit/tools/sdk_win_64/sdk_win_64/sdk_win_64/winavr/bin/../lib/gcc/avr/4.3.3/avr5\libgcc.a(_ge_sf.o)
 .debug_loc     0x0000059a       0x3c d:/engineer programs/amit/tools/sdk_win_64/sdk_win_64/sdk_win_64/winavr/bin/../lib/gcc/avr/4.3.3/avr5\libgcc.a(_lt_sf.o)
 .debug_loc     0x000005d6       0x7e d:/engineer programs/amit/tools/sdk_win_64/sdk_win_64/sdk_win_64/winavr/bin/../lib/gcc/avr/4.3.3/avr5\libgcc.a(_sf_to_si.o)
 .debug_loc     0x00000654      0x13e d:/engineer programs/amit/tools/sdk_win_64/sdk_win_64/sdk_win_64/winavr/bin/../lib/gcc/avr/4.3.3/avr5\libgcc.a(_pack_sf.o)
 .debug_loc     0x00000792       0xac d:/engineer programs/amit/tools/sdk_win_64/sdk_win_64/sdk_win_64/winavr/bin/../lib/gcc/avr/4.3.3/avr5\libgcc.a(_unpack_sf.o)
 .debug_loc     0x0000083e       0x50 d:/engineer programs/amit/tools/sdk_win_64/sdk_win_64/sdk_win_64/winavr/bin/../lib/gcc/avr/4.3.3/avr5\libgcc.a(_fpcmp_parts_sf.o)

.debug_macinfo
 *(.debug_macinfo)
OUTPUT(TEMP_SENSOR_DRIVER_PRO.elf elf32-avr)
LOAD linker stubs

.debug_ranges   0x00000000       0x50
 .debug_ranges  0x00000000       0x50 d:/engineer programs/amit/tools/sdk_win_64/sdk_win_64/sdk_win_64/winavr/bin/../lib/gcc/avr/4.3.3/avr5\libgcc.a(_mul_sf.o)
